test_cp_history_ingest_policy_hf6.py: 7
test_hf6_history_data912_v2.py: 16
tests/test_a3_cem_public_history_hf6.py: 6
tests/test_a3_history_rc6.py: 7
tests/test_a3_identity_mapper_rc6.py: 6
tests/test_a3_primary_readonly_hf6.py: 5
tests/test_api_verifier_publicas.py: 2
tests/test_backtest_data_v17.py: 35
tests/test_byma_calendar.py: 7
tests/test_byma_schedule_rc5.py: 7
tests/test_candle_archive_v17.py: 54
tests/test_cash_sweep_runtime_hf6.py: 4
tests/test_caucion_ledger_v17.py: 36
tests/test_caucion_treasury_v17.py: 32
tests/test_ci_productive_predeploy_contract.py: 6
tests/test_container_rootfs.py: 5
tests/test_contract_evidence_hf6.py: 5
tests/test_contract_evidence_rc5_runtime.py: 6
tests/test_critical_approval_gateway_rc6.py: 11
tests/test_critical_github_proxy_rc6.py: 9
tests/test_daily_risk_outbox_v17.py: 48
tests/test_dashboard_daily_responsive_hf6.py: 6
tests/test_dashboard_decision_evidence_rc6.py: 2
tests/test_dashboard_global_a11y_rc5.py: 3
tests/test_dashboard_live_integration_rc5.py: 3
tests/test_dashboard_live_policy_hf2.py: 5
tests/test_dashboard_paper_v1634.py: 54
tests/test_dashboard_session.py: 10
tests/test_dashboard_table_layout_rc6.py: 4
tests/test_dashboard_truth_layer_rc6.py: 6
tests/test_dashboard_truth_v1633.py: 7
tests/test_dashboard_ux_logs_cem_hf6.py: 8
tests/test_dashboard_v17_rc3.py: 4
tests/test_data912_history_fallback.py: 4
tests/test_decision_evidence_snapshots_rc6.py: 4
tests/test_deploy_nonroot.py: 3
tests/test_deploy_rc3_hf2.py: 5
tests/test_deploy_v2_frozen_artifact_contract.py: 4
tests/test_deploy_v2_promotion_contract.py: 11
tests/test_deploy_v2_single_production_path.py: 3
tests/test_derivatives_and_gate.py: 46
tests/test_dynamic_risk_and_caucion_sweep_hf6.py: 8
tests/test_economics_costs.py: 30
tests/test_event_risk_shadow_rc6.py: 5
tests/test_execution_replay_v17.py: 64
tests/test_exit_ledger_isolation_v17.py: 11
tests/test_exit_supervision_v17.py: 29
tests/test_fb_raw_evidence_exact_v1.py: 2
tests/test_fixed_income_nominal_contract_rc6.py: 8
tests/test_fk_gdelt_shadow_feed_rc6.py: 6
tests/test_forward_lab_metrics_hf2.py: 5
tests/test_forward_lab_v2_rc6.py: 7
tests/test_historical_candle_shadow_rc6.py: 6
tests/test_historical_freshness_v1633.py: 8
tests/test_history_backfill_planner_rc6.py: 7
tests/test_history_close_only_hf2.py: 6
tests/test_history_freshness_metrics_rc5.py: 2
tests/test_history_reconciler_rc6.py: 10
tests/test_host_general_backup_v17.py: 4
tests/test_hotfix_rc3_hf1.py: 7
tests/test_hotfix_rc3_hf2.py: 8
tests/test_hotfix_rc3_hf4.py: 6
tests/test_hotfix_rc3_hf5.py: 5
tests/test_hotfix_rc3_hf6.py: 15
tests/test_integracion_v162.py: 47
tests/test_intraday_contract_policy_rc6.py: 6
tests/test_intraday_scalping_hf3.py: 11
tests/test_intraday_scalping_rc6_integration.py: 6
tests/test_iol_mcp_oauth_refresh_rc6.py: 6
tests/test_iol_mcp_readonly_adapter_rc6.py: 5
tests/test_iol_shadow_collector_rc6.py: 9
tests/test_iol_shadow_decision_input_rc6.py: 5
tests/test_iol_shadow_observation_rc6.py: 5
tests/test_iol_shadow_validation_view_rc6.py: 5
tests/test_issue465_budget_adversarial.py: 100
tests/test_issue465_capability_cache.py: 81
tests/test_issue465_generations.py: 48
tests/test_issue465_historical_package.py: 100
tests/test_issue465_provenance.py: 146
tests/test_issue465_source_retention_audit.py: 18
tests/test_issue465_source_retention_policy.py: 49
tests/test_issue465_stress.py: 40
tests/test_issue465_stress_audit_gate.py: 93
tests/test_ledger_copy_preflight_v17.py: 27
tests/test_ledger_preflight_copy_v17.py: 25
tests/test_ledger_preflight_errors_v17.py: 22
tests/test_ledger_preflight_v17.py: 54
tests/test_legacy_observed_shape_v17.py: 3
tests/test_macro_bcra_v4.py: 4
tests/test_maintenance_scheduler.py: 5
tests/test_market_auto_start.py: 10
tests/test_mfe_mae_provenance_rc6.py: 6
tests/test_notifier_contract.py: 5
tests/test_open_entry_terms_v17.py: 22
tests/test_operational_safety_v163.py: 38
tests/test_operational_services_v1635.py: 6
tests/test_order_trace_units_v17.py: 17
tests/test_paper_workspace_v17.py: 32
tests/test_partial_allocation_integrity_v17.py: 48
tests/test_partial_receipts_v17.py: 33
tests/test_porota_apply_host_control_plane_v2.py: 5
tests/test_porota_build_deploy_bundle_v2.py: 1
tests/test_porota_classify_pytest_failures.py: 2
tests/test_porota_dependency_repro_audit.py: 5
tests/test_porota_host_control_plane_inventory.py: 2
tests/test_porota_host_manifest_v2.py: 2
tests/test_porota_host_policy_v2.py: 5
tests/test_porota_secret_scan.py: 10
tests/test_porota_validate_deploy_artifact.py: 5
tests/test_ppi_documented_contract_v17.py: 48
tests/test_ppi_observed_configuration_v17.py: 45
tests/test_ppi_public_probe_v17.py: 50
tests/test_ppi_retry_policy_v1633.py: 5
tests/test_ppi_sandbox_adapter_v1632.py: 5
tests/test_preinstall_readonly_v17.py: 28
tests/test_prepare_directory_v17.py: 8
tests/test_production_paper_v1634.py: 193
tests/test_propiedades_costos.py: 17
tests/test_rc4_acceptance.py: 34
tests/test_rc4_hf1_last_mile.py: 5
tests/test_rc4_hf2_consolidation.py: 5
tests/test_rc6_action4_audit.py: 4
tests/test_rc6_analysis_bounded_render.py: 3
tests/test_rc6_approved_factual_callers.py: 5
tests/test_rc6_archive_maximum_member_guard.py: 2
tests/test_rc6_archive_namespace.py: 22
tests/test_rc6_archive_v3_image_smoke.py: 12
tests/test_rc6_argentine_locale.py: 2
tests/test_rc6_bcra_active_retirement_20261002.py: 3
tests/test_rc6_browser_family_health_coverage.py: 18
tests/test_rc6_browser_prepared.py: 22
tests/test_rc6_browser_product_ipc.py: 35
tests/test_rc6_budget_receipt_retention.py: 15
tests/test_rc6_budget_source_custody.py: 42
tests/test_rc6_byma_calendar_failclosed.py: 2
tests/test_rc6_byma_morning_pipeline.py: 5
tests/test_rc6_byma_morning_watch.py: 7
tests/test_rc6_byma_preopen_watch.py: 11
tests/test_rc6_candle_inmarket_evidence.py: 5
tests/test_rc6_capacity_promotion.py: 20
tests/test_rc6_capacity_retention_activation.py: 2
tests/test_rc6_capture_restore_diagnostic.py: 34
tests/test_rc6_cauciones_contract.py: 17
tests/test_rc6_cauciones_official_contract.py: 5
tests/test_rc6_cauciones_shadow_evidence.py: 4
tests/test_rc6_cedear_underlying_calendar.py: 2
tests/test_rc6_committed_projection.py: 28
tests/test_rc6_complementary_catalog_merge.py: 14
tests/test_rc6_component_archive.py: 42
tests/test_rc6_component_archive_memory.py: 2
tests/test_rc6_contract_reconciliation_guard.py: 23
tests/test_rc6_controlplane_nohang.py: 2
tests/test_rc6_convergence_budget_liveness.py: 42
tests/test_rc6_convergence_core_admission.py: 26
tests/test_rc6_convergence_finance.py: 79
tests/test_rc6_convergence_finance_historical_review.py: 6
tests/test_rc6_convergence_finance_review.py: 13
tests/test_rc6_convergence_persistence.py: 131
tests/test_rc6_convergence_provenance.py: 97
tests/test_rc6_convergence_scenario_preservation.py: 5
tests/test_rc6_convergence_sre_archive.py: 44
tests/test_rc6_convergence_sre_binding.py: 107
tests/test_rc6_convergence_sre_health.py: 53
tests/test_rc6_convergence_sre_launcher.py: 23
tests/test_rc6_convergence_sre_modes.py: 21
tests/test_rc6_convergence_sre_published_evidence.py: 45
tests/test_rc6_convergence_sre_scratch.py: 33
tests/test_rc6_convergence_sre_supply_cleanup.py: 24
tests/test_rc6_counterfactual_learning.py: 4
tests/test_rc6_dashboard_convergence.py: 28
tests/test_rc6_dashboard_projection.py: 46
tests/test_rc6_dashboard_truthful_explanations.py: 6
tests/test_rc6_data912_operational_scope.py: 2
tests/test_rc6_decision_evidence_report.py: 2
tests/test_rc6_decision_evidence_view.py: 3
tests/test_rc6_deploy_failure_cleanup.py: 14
tests/test_rc6_deploy_preopen_gate.py: 13
tests/test_rc6_deploy_readiness_contract.py: 6
tests/test_rc6_deploy_runtime_completeness.py: 24
tests/test_rc6_disk_deploy_guard.py: 10
tests/test_rc6_disk_housekeeping_policy.py: 8
tests/test_rc6_dynamic_orchestrator.py: 33
tests/test_rc6_dynamic_sources.py: 41
tests/test_rc6_dynamic_tradeability.py: 23
tests/test_rc6_exact_page_storage.py: 61
tests/test_rc6_exit_reader_cadence.py: 21
tests/test_rc6_family_readiness.py: 7
tests/test_rc6_final_family_source_policy.py: 45
tests/test_rc6_final_programming_runtime.py: 5
tests/test_rc6_final_shared_risk.py: 12
tests/test_rc6_freeze_only_native.py: 4
tests/test_rc6_funnel_storage_codec.py: 22
tests/test_rc6_future_contract_policy.py: 6
tests/test_rc6_future_paper_engine.py: 4
tests/test_rc6_future_paper_lifecycle.py: 2
tests/test_rc6_future_programming_complete.py: 44
tests/test_rc6_gdelt_event_risk_job.py: 3
tests/test_rc6_gdelt_scheduler_recovery.py: 2
tests/test_rc6_gdelt_shadow.py: 2
tests/test_rc6_greeks_contract_convergence.py: 18
tests/test_rc6_history_cedear_calendar.py: 1
tests/test_rc6_history_convergence.py: 66
tests/test_rc6_history_coverage_scope.py: 2
tests/test_rc6_history_initialization_copy.py: 11
tests/test_rc6_history_large_preopen.py: 5
tests/test_rc6_history_operational_scope.py: 3
tests/test_rc6_history_partial_semantics.py: 6
tests/test_rc6_history_probe.py: 1
tests/test_rc6_history_snapshot_copy.py: 10
tests/test_rc6_host_backup_symlink.py: 1
tests/test_rc6_integrity_split.py: 4
tests/test_rc6_internal_history_scheduler_guard.py: 2
tests/test_rc6_intraday_freshness.py: 14
tests/test_rc6_introspection_quickcheck_ownership.py: 3
tests/test_rc6_introspection_scope.py: 1
tests/test_rc6_iol_family_reference.py: 9
tests/test_rc6_iol_mcp_inventory.py: 2
tests/test_rc6_iol_oauth_health.py: 5
tests/test_rc6_iol_reference_contract_migrate.py: 3
tests/test_rc6_iol_shadow_runtime.py: 10
tests/test_rc6_iol_shadow_validation_wiring.py: 1
tests/test_rc6_legacy_history_scope.py: 1
tests/test_rc6_live_scope_gate_fallback.py: 1
tests/test_rc6_macro_risk_shadow.py: 2
tests/test_rc6_multisource_discovery.py: 6
tests/test_rc6_native_archive_horizon_wrapper.py: 28
tests/test_rc6_native_big_import_provenance.py: 49
tests/test_rc6_native_source_reads.py: 15
tests/test_rc6_no_budget_permission_probe.py: 2
tests/test_rc6_no_rc4_runtime_dependency.py: 2
tests/test_rc6_observer_complementary_reconcile.py: 8
tests/test_rc6_observer_history_diagnostics.py: 6
tests/test_rc6_official_source_adapters.py: 3
tests/test_rc6_operational_alerts.py: 4
tests/test_rc6_operational_scope.py: 2
tests/test_rc6_option_paper_execution.py: 6
tests/test_rc6_packed_capture_allocations.py: 43
tests/test_rc6_packed_scalar_dispatch.py: 94
tests/test_rc6_packed_small_container.py: 84
tests/test_rc6_packed_storage.py: 48
tests/test_rc6_packed_volatile_scalars.py: 74
tests/test_rc6_performance_capture.py: 7
tests/test_rc6_performance_costs.py: 20
tests/test_rc6_performance_report.py: 4
tests/test_rc6_performance_runtime.py: 21
tests/test_rc6_performance_shadow.py: 19
tests/test_rc6_postclose_history_quarantine.py: 3
tests/test_rc6_postclose_review.py: 3
tests/test_rc6_postclose_review_dashboard.py: 1
tests/test_rc6_postclose_schedule_stagger.py: 2
tests/test_rc6_ppi_capacity_benchmark.py: 35
tests/test_rc6_ppi_global_budget.py: 42
tests/test_rc6_ppi_iol_reconciliation_rc6.py: 13
tests/test_rc6_ppi_option_contract_policy.py: 11
tests/test_rc6_predeploy_scoped_cleanup.py: 37
tests/test_rc6_prior_regression_successors.py: 42
tests/test_rc6_projection_browser_diagnostic.py: 13
tests/test_rc6_projection_large_browser.py: 7
tests/test_rc6_projection_source_guard.py: 23
tests/test_rc6_publication_storage.py: 103
tests/test_rc6_publication_type_identity.py: 10
tests/test_rc6_release_infra_blockers.py: 3
tests/test_rc6_report_retention.py: 2
tests/test_rc6_risk_gdelt_dashboard.py: 2
tests/test_rc6_runtime_safety.py: 4
tests/test_rc6_scheduler_operational_scope.py: 1
tests/test_rc6_sector_settlement_fallback.py: 6
tests/test_rc6_shadow_entry_signals.py: 26
tests/test_rc6_shadow_family_runtime.py: 16
tests/test_rc6_shadow_lab_atomic_capture.py: 30
tests/test_rc6_shadow_lab_runtime.py: 19
tests/test_rc6_shadow_operational_funnel.py: 17
tests/test_rc6_shadow_preopen_runtime.py: 26
tests/test_rc6_shadow_profiles.py: 4
tests/test_rc6_shadow_runtime_wiring.py: 14
tests/test_rc6_snapshot.py: 6
tests/test_rc6_source_capture_deadlines.py: 12
tests/test_rc6_source_consolidation.py: 17
tests/test_rc6_source_custody_allocated_blocks.py: 2
tests/test_rc6_sqlite_disk_scratch.py: 15
tests/test_rc6_storage_policy.py: 7
tests/test_rc6_structured_capture_schedule.py: 2
tests/test_rc6_sunday_host_policy.py: 6
tests/test_rc6_t1_settlement_hotfix.py: 10
tests/test_rc6_table_headers_visible_sticky.py: 2
tests/test_rc6_take_profit_regression.py: 4
tests/test_rc6_unified_20261002.py: 12
tests/test_rc6_us_underlying_holiday.py: 5
tests/test_rc6_validation_dashboard_operational_wiring.py: 3
tests/test_rc6_validation_dynamic.py: 2
tests/test_rc6_validation_dynamic_evidence.py: 3
tests/test_rc6_validation_operational_daily.py: 2
tests/test_rc6_validation_projection.py: 3
tests/test_rc6_validation_truth.py: 3
tests/test_rc6_wave10_sector_binding_default.py: 4
tests/test_rc6_wave1b_sla_scraping.py: 5
tests/test_rofex_margin_v1633.py: 3
tests/test_scheduler_dashboard_hf6.py: 5
tests/test_shadow_binding_contract_rc6.py: 7
tests/test_shadow_learning_rc6.py: 2
tests/test_single_close_ledger_v17.py: 45
tests/test_sre_health_split_rc6.py: 6
tests/test_strategy_backtest_v17.py: 49
tests/test_telegram_outbox_policy_rc6.py: 2
tests/test_telegram_policy_rc6.py: 5
tests/test_telegram_startup_routing.py: 2
tests/test_v161.py: 21
tests/test_validation_campaign_rc6.py: 5
tests/test_ws_caucion_10_auto_recovery.py: 1
tests/test_ws_caucion_12_live_ppi_wiring.py: 4
tests/test_ws_dash_02_ux_accessibility.py: 6
tests/test_ws_dash_04_full_dashboard_truth.py: 15
tests/test_ws_dash_05_dashboard_performance.py: 20
tests/test_ws_dash_06_oct01_ux.py: 8
tests/test_ws_dash_07_history_truth.py: 4
tests/test_ws_dash_411_intraday_semantics.py: 3
tests/test_ws_dash_trader_terminal_08.py: 103
tests/test_ws_infra_12_runtime_evidence.py: 38
tests/test_ws_integ_03_runtime_audit.py: 22
tests/test_ws_motor_09_contract_bridge.py: 36
tests/test_ws_motor_10_effective_families.py: 10
tests/test_ws_motor_11_broker_parity_evidence.py: 11
tests/test_ws_motor_11_paper_lifecycle.py: 6
tests/test_ws_motor_11_ppi_fixed_income_mapping.py: 2
tests/test_ws_motor_11_replay.py: 6
tests/test_ws_motor_13_mass_evidence.py: 5
tests/test_ws_motor_14_paper_policy.py: 12
tests/test_ws_motor_15_operative_closure.py: 9
tests/test_ws_ops_history_all_families.py: 4
tests/test_ws_ops_risk_layout.py: 2

