tests/test_ci_productive_predeploy_contract.py::test_productive_scope_is_repository_root_automatic_discovery
tests/test_ci_productive_predeploy_contract.py::test_governed_predeploy_creates_real_private_venv_and_cleanup_survives_its_removal
tests/test_ci_productive_predeploy_contract.py::test_predeploy_uses_bound_external_pytest_basetemp_and_reports_retention
tests/test_ci_productive_predeploy_contract.py::test_every_exclusion_is_versioned_justified_and_has_a_successor
tests/test_ci_productive_predeploy_contract.py::test_predeploy_reports_truthful_collection_and_execution_counts
tests/test_ci_productive_predeploy_contract.py::test_all_six_negative_fixtures_are_executed_fail_closed
tests/test_ci_productive_predeploy_contract.py::test_candidate_tree_mismatch_fails_closed
tests/test_ci_productive_predeploy_contract.py::test_predeploy_stays_off_droplet_and_builds_once
tests/test_rc6_predeploy_scoped_cleanup.py::test_fifo_control_is_rejected_before_blocking_for_a_writer
tests/test_rc6_predeploy_scoped_cleanup.py::test_cleanup_removes_only_bound_run_resources_and_measures_actual_delta
tests/test_rc6_predeploy_scoped_cleanup.py::test_docker_removal_failure_is_red_and_retains_private_evidence[operation0]
tests/test_rc6_predeploy_scoped_cleanup.py::test_docker_removal_failure_is_red_and_retains_private_evidence[operation1]
tests/test_rc6_predeploy_scoped_cleanup.py::test_successful_command_with_remaining_owned_image_is_red
tests/test_rc6_predeploy_scoped_cleanup.py::test_shared_image_is_retained_without_removing_or_inspecting_foreign_resources[tag]
tests/test_rc6_predeploy_scoped_cleanup.py::test_shared_image_is_retained_without_removing_or_inspecting_foreign_resources[digest]
tests/test_rc6_predeploy_scoped_cleanup.py::test_shared_image_is_retained_without_removing_or_inspecting_foreign_resources[foreign_reference]
tests/test_rc6_predeploy_scoped_cleanup.py::test_missing_capture_after_finished_build_requires_complete_owned_image_binding
tests/test_rc6_predeploy_scoped_cleanup.py::test_uncaptured_image_with_any_wrong_origin_label_is_retained[porota.commit]
tests/test_rc6_predeploy_scoped_cleanup.py::test_uncaptured_image_with_any_wrong_origin_label_is_retained[porota.tree]
tests/test_rc6_predeploy_scoped_cleanup.py::test_uncaptured_image_with_any_wrong_origin_label_is_retained[porota.predeploy.run-id]
tests/test_rc6_predeploy_scoped_cleanup.py::test_uncaptured_image_with_any_wrong_origin_label_is_retained[porota.predeploy.run-attempt]
tests/test_rc6_predeploy_scoped_cleanup.py::test_uncaptured_image_with_any_wrong_origin_label_is_retained[porota.source-manifest-sha256]
tests/test_rc6_predeploy_scoped_cleanup.py::test_early_failure_without_build_cleans_only_private_files_and_claims_no_image
tests/test_rc6_predeploy_scoped_cleanup.py::test_early_phase_cannot_hide_an_unexpected_owned_image
tests/test_rc6_predeploy_scoped_cleanup.py::test_foreign_candidate_tag_never_grants_cleanup_ownership
tests/test_rc6_predeploy_scoped_cleanup.py::test_container_binding_is_verified_before_any_removal[labels]
tests/test_rc6_predeploy_scoped_cleanup.py::test_container_binding_is_verified_before_any_removal[image]
tests/test_rc6_predeploy_scoped_cleanup.py::test_container_binding_is_verified_before_any_removal[mount]
tests/test_rc6_predeploy_scoped_cleanup.py::test_private_namespace_alias_never_deletes_external_data[symlink]
tests/test_rc6_predeploy_scoped_cleanup.py::test_private_namespace_alias_never_deletes_external_data[hardlink]
tests/test_rc6_predeploy_scoped_cleanup.py::test_private_namespace_alias_never_deletes_external_data[same_device_mount]
tests/test_rc6_predeploy_scoped_cleanup.py::test_changed_source_manifest_is_retained_with_all_private_data
tests/test_rc6_predeploy_scoped_cleanup.py::test_rebound_control_cannot_redirect_cleanup_to_another_owned_directory[repo_root]
tests/test_rc6_predeploy_scoped_cleanup.py::test_rebound_control_cannot_redirect_cleanup_to_another_owned_directory[runner_temp]
tests/test_rc6_predeploy_scoped_cleanup.py::test_rebound_control_cannot_redirect_cleanup_to_another_owned_directory[private_root]
tests/test_rc6_predeploy_scoped_cleanup.py::test_rebound_control_cannot_redirect_cleanup_to_another_owned_directory[owner_uuid]
tests/test_rc6_predeploy_scoped_cleanup.py::test_cli_output_rejection_precedes_cleanup[wrong_path]
tests/test_rc6_predeploy_scoped_cleanup.py::test_cli_output_rejection_precedes_cleanup[existing]
tests/test_rc6_predeploy_scoped_cleanup.py::test_cli_output_rejection_precedes_cleanup[symlink]
tests/test_rc6_predeploy_scoped_cleanup.py::test_cli_rejects_uuid_mismatch_before_mutating
tests/test_rc6_predeploy_scoped_cleanup.py::test_post_cleanup_capacity_is_checked_without_raising_authorized_bounds[2147483647-1000]
tests/test_rc6_predeploy_scoped_cleanup.py::test_post_cleanup_capacity_is_checked_without_raising_authorized_bounds[4294967296-199]
tests/test_rc6_predeploy_scoped_cleanup.py::test_negative_filesystem_delta_is_not_reported_as_reclaimed_bytes
tests/test_rc6_predeploy_scoped_cleanup.py::test_total_deadline_expiry_cannot_certify_success_or_delete_remaining_evidence
tests/test_rc6_predeploy_scoped_cleanup.py::test_workflow_private_uuid_root_preserves_primary_tag_build_and_upload_order
tests/test_rc6_predeploy_scoped_cleanup.py::test_native_workspace_preserves_strict_guard_and_measures_retained_adversarial_fixtures
tests/test_rc6_predeploy_scoped_cleanup.py::test_new_venv_seal_rejects_unproven_alias_without_unlinking[target]
tests/test_rc6_predeploy_scoped_cleanup.py::test_new_venv_seal_rejects_unproven_alias_without_unlinking[construction_identity]
tests/test_rc6_predeploy_scoped_cleanup.py::test_new_venv_seal_rejects_unproven_alias_without_unlinking[sibling_mode]
tests/test_rc6_predeploy_scoped_cleanup.py::test_new_venv_seal_rejects_unproven_alias_without_unlinking[alias_mount]
tests/test_rc6_predeploy_scoped_cleanup.py::test_workspace_wrong_owner_uuid_is_rejected_before_native_creation
tests/test_rc6_predeploy_scoped_cleanup.py::test_no_pytest_launch_has_no_producer_witness_and_allows_only_original_scope_guard
tests/test_rc6_predeploy_scoped_cleanup.py::test_unknown_pytest_trace_never_opens_payload_or_source_and_is_irreversible[porota-pytest-owned-fin.json]
tests/test_rc6_predeploy_scoped_cleanup.py::test_unknown_pytest_trace_never_opens_payload_or_source_and_is_irreversible[porota-pytest-progress.json]
tests/test_rc6_predeploy_scoped_cleanup.py::test_unknown_pytest_trace_never_opens_payload_or_source_and_is_irreversible[porota-pytest-native.log]
tests/test_rc6_predeploy_scoped_cleanup.py::test_exclusive_launch_intent_without_fin_blocks_postread_and_cannot_be_replaced
tests/test_rc6_predeploy_scoped_cleanup.py::test_aliased_fin_is_never_followed_or_uploaded_as_a_control_receipt[symlink]
tests/test_rc6_predeploy_scoped_cleanup.py::test_aliased_fin_is_never_followed_or_uploaded_as_a_control_receipt[hardlink]
tests/test_rc6_predeploy_scoped_cleanup.py::test_real_owned_pytest_direct_execution_has_fin_and_retained_adversarial_fixtures
tests/test_rc6_predeploy_scoped_cleanup.py::test_real_owned_pytest_timeout_keeps_red_and_rejects_another_management_budget
tests/test_rc6_predeploy_scoped_cleanup.py::test_real_collection_failure_has_fin_and_execution_is_never_launched
tests/test_rc6_predeploy_scoped_cleanup.py::test_unknown_collection_blocks_execution_before_any_source_or_log_read
tests/test_rc6_predeploy_scoped_cleanup.py::test_real_owned_pytest_failed_ready100_has_fin_and_never_becomes_green
tests/test_rc6_controlled_native_child_manager.py::test_ready100_real_owned_zombies_keep_exit1_red_and_close_only_within_proved_scope[preserved-v2-red]
tests/test_rc6_controlled_native_child_manager.py::test_ready100_real_owned_zombies_keep_exit1_red_and_close_only_within_proved_scope[fix-forward-fin-closed-red]
tests/test_rc6_controlled_native_child_manager.py::test_normal_exit0_has_same_parent_kernel_fin_without_residuals
tests/test_rc6_controlled_native_child_manager.py::test_live_detached6_remains_unknown_at_cleanup5_and_vetoes_absent_group_signals

67 tests collected in 0.35s
