........F.....                                                           [100%]
=================================== FAILURES ===================================
_ test_native_source_guard_rejects_alias_before_capture_or_worker_resolve[hardlink] _

tmp_path = PosixPath('/tmp/pytest-of-agent/pytest-317/test_native_source_guard_rejec2')
native = NativeFixture(database=PosixPath('/workspace/porota_rc6_worktrees/persistence/.rc6-native-source-plcbthfx/native-paper...ine.PaperBroker object at 0x7fdbdd478b10>, clock=[datetime.datetime(2026, 10, 5, 16, 0, tzinfo=datetime.timezone.utc)])
monkeypatch = <_pytest.monkeypatch.MonkeyPatch object at 0x7fdbdd727990>
alias = 'hardlink'

    @pytest.mark.parametrize("alias", ("symlink", "parent_symlink", "hardlink"))
    def test_native_source_guard_rejects_alias_before_capture_or_worker_resolve(tmp_path, native, monkeypatch, alias):
        if alias == "symlink":
            candidate = tmp_path / "alias.sqlite"
            candidate.symlink_to(native.database)
        elif alias == "parent_symlink":
            parent = tmp_path / "aliased-parent"
            parent.symlink_to(native.database.parent, target_is_directory=True)
            candidate = parent / native.database.name
        else:
            candidate = tmp_path / "alias.sqlite"
>           os.link(native.database, candidate)
E           OSError: [Errno 18] Invalid cross-device link: '/workspace/porota_rc6_worktrees/persistence/.rc6-native-source-plcbthfx/native-paper.db' -> '/tmp/pytest-of-agent/pytest-317/test_native_source_guard_rejec2/alias.sqlite'

tests/test_rc6_native_source_reads.py:129: OSError
=========================== short test summary info ============================
FAILED tests/test_rc6_native_source_reads.py::test_native_source_guard_rejects_alias_before_capture_or_worker_resolve[hardlink]
