	linux-vdso.so.1 (0x00007f2d9c04b000)
	libdl.so.2 => /lib/x86_64-linux-gnu/libdl.so.2 (0x00007f2d8a82f000)
	libpthread.so.0 => /lib/x86_64-linux-gnu/libpthread.so.0 (0x00007f2d8a82a000)
	libglib-2.0.so.0 => /lib/x86_64-linux-gnu/libglib-2.0.so.0 (0x00007f2d8a6d1000)
	libgobject-2.0.so.0 => /lib/x86_64-linux-gnu/libgobject-2.0.so.0 (0x00007f2d8a66e000)
	libnspr4.so => /lib/x86_64-linux-gnu/libnspr4.so (0x00007f2d8a629000)
	libnss3.so => /lib/x86_64-linux-gnu/libnss3.so (0x00007f2d8a4c7000)
	libnssutil3.so => /lib/x86_64-linux-gnu/libnssutil3.so (0x00007f2d8a493000)
	libsmime3.so => /lib/x86_64-linux-gnu/libsmime3.so (0x00007f2d8a45f000)
	libgio-2.0.so.0 => /lib/x86_64-linux-gnu/libgio-2.0.so.0 (0x00007f2d8a267000)
	libatk-1.0.so.0 => /lib/x86_64-linux-gnu/libatk-1.0.so.0 (0x00007f2d8a23d000)
	libatk-bridge-2.0.so.0 => /lib/x86_64-linux-gnu/libatk-bridge-2.0.so.0 (0x00007f2d8a1fd000)
	libdbus-1.so.3 => /lib/x86_64-linux-gnu/libdbus-1.so.3 (0x00007f2d8a1a6000)
	libcups.so.2 => /lib/x86_64-linux-gnu/libcups.so.2 (0x00007f2d8a105000)
	libexpat.so.1 => /lib/x86_64-linux-gnu/libexpat.so.1 (0x00007f2d8a0d7000)
	libxcb.so.1 => /lib/x86_64-linux-gnu/libxcb.so.1 (0x00007f2d8a0ac000)
	libxkbcommon.so.0 => /lib/x86_64-linux-gnu/libxkbcommon.so.0 (0x00007f2d8a061000)
	libasound.so.2 => /lib/x86_64-linux-gnu/libasound.so.2 (0x00007f2d89f3e000)
	libgbm.so.1 => /lib/x86_64-linux-gnu/libgbm.so.1 (0x00007f2d89f38000)
	libX11.so.6 => /lib/x86_64-linux-gnu/libX11.so.6 (0x00007f2d89df0000)
	libXext.so.6 => /lib/x86_64-linux-gnu/libXext.so.6 (0x00007f2d89ddb000)
	libcairo.so.2 => /lib/x86_64-linux-gnu/libcairo.so.2 (0x00007f2d89c8d000)
	libpango-1.0.so.0 => /lib/x86_64-linux-gnu/libpango-1.0.so.0 (0x00007f2d89c1c000)
	libudev.so.1 => /lib/x86_64-linux-gnu/libudev.so.1 (0x00007f2d89bd5000)
	libm.so.6 => /lib/x86_64-linux-gnu/libm.so.6 (0x00007f2d89ae5000)
	libXcomposite.so.1 => /lib/x86_64-linux-gnu/libXcomposite.so.1 (0x00007f2d89ae0000)
	libXdamage.so.1 => /lib/x86_64-linux-gnu/libXdamage.so.1 (0x00007f2d89adb000)
	libXfixes.so.3 => /lib/x86_64-linux-gnu/libXfixes.so.3 (0x00007f2d89ad3000)
	libXrandr.so.2 => /lib/x86_64-linux-gnu/libXrandr.so.2 (0x00007f2d89ac6000)
	libatspi.so.0 => /lib/x86_64-linux-gnu/libatspi.so.0 (0x00007f2d89a86000)
	libgcc_s.so.1 => /lib/x86_64-linux-gnu/libgcc_s.so.1 (0x00007f2d89a59000)
	libc.so.6 => /lib/x86_64-linux-gnu/libc.so.6 (0x00007f2d89865000)
	/lib64/ld-linux-x86-64.so.2 (0x00007f2d9c04d000)
	libatomic.so.1 => /lib/x86_64-linux-gnu/libatomic.so.1 (0x00007f2d8985b000)
	libpcre2-8.so.0 => /lib/x86_64-linux-gnu/libpcre2-8.so.0 (0x00007f2d897ac000)
	libffi.so.8 => /lib/x86_64-linux-gnu/libffi.so.8 (0x00007f2d8979d000)
	libplc4.so => /lib/x86_64-linux-gnu/libplc4.so (0x00007f2d89796000)
	libplds4.so => /lib/x86_64-linux-gnu/libplds4.so (0x00007f2d89791000)
	libgmodule-2.0.so.0 => /lib/x86_64-linux-gnu/libgmodule-2.0.so.0 (0x00007f2d8978a000)
	libz.so.1 => /lib/x86_64-linux-gnu/libz.so.1 (0x00007f2d8976a000)
	libmount.so.1 => /lib/x86_64-linux-gnu/libmount.so.1 (0x00007f2d896ec000)
	libselinux.so.1 => /lib/x86_64-linux-gnu/libselinux.so.1 (0x00007f2d896b8000)
	libsystemd.so.0 => /lib/x86_64-linux-gnu/libsystemd.so.0 (0x00007f2d895a2000)
	libgssapi_krb5.so.2 => /lib/x86_64-linux-gnu/libgssapi_krb5.so.2 (0x00007f2d8954c000)
	libavahi-common.so.3 => /lib/x86_64-linux-gnu/libavahi-common.so.3 (0x00007f2d8953e000)
	libavahi-client.so.3 => /lib/x86_64-linux-gnu/libavahi-client.so.3 (0x00007f2d89529000)
	libgnutls.so.30 => /lib/x86_64-linux-gnu/libgnutls.so.30 (0x00007f2d89300000)
	libXau.so.6 => /lib/x86_64-linux-gnu/libXau.so.6 (0x00007f2d892fb000)
	libXdmcp.so.6 => /lib/x86_64-linux-gnu/libXdmcp.so.6 (0x00007f2d892f3000)
	libdrm.so.2 => /lib/x86_64-linux-gnu/libdrm.so.2 (0x00007f2d892dc000)
	libpng16.so.16 => /lib/x86_64-linux-gnu/libpng16.so.16 (0x00007f2d892a1000)
	libfontconfig.so.1 => /lib/x86_64-linux-gnu/libfontconfig.so.1 (0x00007f2d89253000)
	libfreetype.so.6 => /lib/x86_64-linux-gnu/libfreetype.so.6 (0x00007f2d89183000)
	libXrender.so.1 => /lib/x86_64-linux-gnu/libXrender.so.1 (0x00007f2d89176000)
	libxcb-render.so.0 => /lib/x86_64-linux-gnu/libxcb-render.so.0 (0x00007f2d89167000)
	libxcb-shm.so.0 => /lib/x86_64-linux-gnu/libxcb-shm.so.0 (0x00007f2d89162000)
	libpixman-1.so.0 => /lib/x86_64-linux-gnu/libpixman-1.so.0 (0x00007f2d890b3000)
	libfribidi.so.0 => /lib/x86_64-linux-gnu/libfribidi.so.0 (0x00007f2d89094000)
	libthai.so.0 => /lib/x86_64-linux-gnu/libthai.so.0 (0x00007f2d89089000)
	libharfbuzz.so.0 => /lib/x86_64-linux-gnu/libharfbuzz.so.0 (0x00007f2d88f48000)
	libcap.so.2 => /lib/x86_64-linux-gnu/libcap.so.2 (0x00007f2d88f3c000)
	libXi.so.6 => /lib/x86_64-linux-gnu/libXi.so.6 (0x00007f2d88f26000)
	libblkid.so.1 => /lib/x86_64-linux-gnu/libblkid.so.1 (0x00007f2d88ec5000)
	libkrb5.so.3 => /lib/x86_64-linux-gnu/libkrb5.so.3 (0x00007f2d88ded000)
	libk5crypto.so.3 => /lib/x86_64-linux-gnu/libk5crypto.so.3 (0x00007f2d88dbf000)
	libcom_err.so.2 => /lib/x86_64-linux-gnu/libcom_err.so.2 (0x00007f2d88db9000)
	libkrb5support.so.0 => /lib/x86_64-linux-gnu/libkrb5support.so.0 (0x00007f2d88da9000)
	libp11-kit.so.0 => /lib/x86_64-linux-gnu/libp11-kit.so.0 (0x00007f2d88c08000)
	libidn2.so.0 => /lib/x86_64-linux-gnu/libidn2.so.0 (0x00007f2d88bd5000)
	libunistring.so.5 => /lib/x86_64-linux-gnu/libunistring.so.5 (0x00007f2d889ed000)
	libtasn1.so.6 => /lib/x86_64-linux-gnu/libtasn1.so.6 (0x00007f2d889d7000)
	libhogweed.so.6 => /lib/x86_64-linux-gnu/libhogweed.so.6 (0x00007f2d8898a000)
	libnettle.so.8 => /lib/x86_64-linux-gnu/libnettle.so.8 (0x00007f2d88934000)
	libgmp.so.10 => /lib/x86_64-linux-gnu/libgmp.so.10 (0x00007f2d888aa000)
	libbz2.so.1.0 => /lib/x86_64-linux-gnu/libbz2.so.1.0 (0x00007f2d88897000)
	libbrotlidec.so.1 => /lib/x86_64-linux-gnu/libbrotlidec.so.1 (0x00007f2d88889000)
	libdatrie.so.1 => /lib/x86_64-linux-gnu/libdatrie.so.1 (0x00007f2d8887d000)
	libgraphite2.so.3 => /lib/x86_64-linux-gnu/libgraphite2.so.3 (0x00007f2d88853000)
	libkeyutils.so.1 => /lib/x86_64-linux-gnu/libkeyutils.so.1 (0x00007f2d8884c000)
	libresolv.so.2 => /lib/x86_64-linux-gnu/libresolv.so.2 (0x00007f2d8883a000)
	libbrotlicommon.so.1 => /lib/x86_64-linux-gnu/libbrotlicommon.so.1 (0x00007f2d88817000)
