	linux-vdso.so.1 (0x00007ff12a0ad000)
	libdl.so.2 => /lib/x86_64-linux-gnu/libdl.so.2 (0x00007ff11e21b000)
	libpthread.so.0 => /lib/x86_64-linux-gnu/libpthread.so.0 (0x00007ff11e216000)
	libglib-2.0.so.0 => /lib/x86_64-linux-gnu/libglib-2.0.so.0 (0x00007ff11e0bd000)
	libgobject-2.0.so.0 => /lib/x86_64-linux-gnu/libgobject-2.0.so.0 (0x00007ff11e05a000)
	libnspr4.so => /lib/x86_64-linux-gnu/libnspr4.so (0x00007ff11e015000)
	libnss3.so => /lib/x86_64-linux-gnu/libnss3.so (0x00007ff11deb3000)
	libnssutil3.so => /lib/x86_64-linux-gnu/libnssutil3.so (0x00007ff11de7f000)
	libgio-2.0.so.0 => /lib/x86_64-linux-gnu/libgio-2.0.so.0 (0x00007ff11dc87000)
	libatk-1.0.so.0 => /lib/x86_64-linux-gnu/libatk-1.0.so.0 (0x00007ff11dc5d000)
	libatk-bridge-2.0.so.0 => /lib/x86_64-linux-gnu/libatk-bridge-2.0.so.0 (0x00007ff11dc1f000)
	libdbus-1.so.3 => /lib/x86_64-linux-gnu/libdbus-1.so.3 (0x00007ff11dbc6000)
	libm.so.6 => /lib/x86_64-linux-gnu/libm.so.6 (0x00007ff11dad6000)
	libX11.so.6 => /lib/x86_64-linux-gnu/libX11.so.6 (0x00007ff11d98e000)
	libXcomposite.so.1 => /lib/x86_64-linux-gnu/libXcomposite.so.1 (0x00007ff11d989000)
	libXdamage.so.1 => /lib/x86_64-linux-gnu/libXdamage.so.1 (0x00007ff11d984000)
	libXext.so.6 => /lib/x86_64-linux-gnu/libXext.so.6 (0x00007ff11d96f000)
	libXfixes.so.3 => /lib/x86_64-linux-gnu/libXfixes.so.3 (0x00007ff11d965000)
	libXrandr.so.2 => /lib/x86_64-linux-gnu/libXrandr.so.2 (0x00007ff11d958000)
	libgbm.so.1 => /lib/x86_64-linux-gnu/libgbm.so.1 (0x00007ff11d952000)
	libexpat.so.1 => /lib/x86_64-linux-gnu/libexpat.so.1 (0x00007ff11d924000)
	libxcb.so.1 => /lib/x86_64-linux-gnu/libxcb.so.1 (0x00007ff11d8f9000)
	libxkbcommon.so.0 => /lib/x86_64-linux-gnu/libxkbcommon.so.0 (0x00007ff11d8ae000)
	libudev.so.1 => /lib/x86_64-linux-gnu/libudev.so.1 (0x00007ff11d867000)
	libasound.so.2 => /lib/x86_64-linux-gnu/libasound.so.2 (0x00007ff11d746000)
	libatspi.so.0 => /lib/x86_64-linux-gnu/libatspi.so.0 (0x00007ff11d708000)
	libgcc_s.so.1 => /lib/x86_64-linux-gnu/libgcc_s.so.1 (0x00007ff11d6db000)
	libc.so.6 => /lib/x86_64-linux-gnu/libc.so.6 (0x00007ff11d4e7000)
	/lib64/ld-linux-x86-64.so.2 (0x00007ff12a0af000)
	libatomic.so.1 => /lib/x86_64-linux-gnu/libatomic.so.1 (0x00007ff11d4dd000)
	libpcre2-8.so.0 => /lib/x86_64-linux-gnu/libpcre2-8.so.0 (0x00007ff11d42c000)
	libffi.so.8 => /lib/x86_64-linux-gnu/libffi.so.8 (0x00007ff11d41f000)
	libplc4.so => /lib/x86_64-linux-gnu/libplc4.so (0x00007ff11d418000)
	libplds4.so => /lib/x86_64-linux-gnu/libplds4.so (0x00007ff11d413000)
	libgmodule-2.0.so.0 => /lib/x86_64-linux-gnu/libgmodule-2.0.so.0 (0x00007ff11d40c000)
	libz.so.1 => /lib/x86_64-linux-gnu/libz.so.1 (0x00007ff11d3ea000)
	libmount.so.1 => /lib/x86_64-linux-gnu/libmount.so.1 (0x00007ff11d36e000)
	libselinux.so.1 => /lib/x86_64-linux-gnu/libselinux.so.1 (0x00007ff11d33a000)
	libsystemd.so.0 => /lib/x86_64-linux-gnu/libsystemd.so.0 (0x00007ff11d224000)
	libXrender.so.1 => /lib/x86_64-linux-gnu/libXrender.so.1 (0x00007ff11d217000)
	libdrm.so.2 => /lib/x86_64-linux-gnu/libdrm.so.2 (0x00007ff11d1fe000)
	libXau.so.6 => /lib/x86_64-linux-gnu/libXau.so.6 (0x00007ff11d1f9000)
	libXdmcp.so.6 => /lib/x86_64-linux-gnu/libXdmcp.so.6 (0x00007ff11d1f1000)
	libcap.so.2 => /lib/x86_64-linux-gnu/libcap.so.2 (0x00007ff11d1e5000)
	libXi.so.6 => /lib/x86_64-linux-gnu/libXi.so.6 (0x00007ff11d1d1000)
	libblkid.so.1 => /lib/x86_64-linux-gnu/libblkid.so.1 (0x00007ff11d16e000)
